Execution failed on sql 'SELECT * FROM reddit_data.reddit_data_sentiment 
                WHERE body LIKE %s AND date_time > ADDDATE(date_time, -1)
                OR body LIKE %s AND date_time > ADDDATE(date_time, -1)
                ORDER BY date_time DESC LIMIT 20;': Not enough parameters for the SQL statement
"['tweet'] not in index"
"['tweet'] not in index"
Execution failed on sql 'SELECT * FROM twitter_data.twitter_data_sentiment 
                WHERE tweet LIKE %s AND date_time > ADDDATE(date_time, -1)
                OR body LIKE %s AND date_time > ADDDATE(date_time, -1)
                ORDER BY date_time DESC LIMIT 20;': Not enough parameters for the SQL statement
Execution failed on sql 'SELECT * FROM twitter_data.twitter_data_sentiment 
                WHERE tweet LIKE %s AND date_time > ADDDATE(date_time, -1)
                OR body LIKE %s AND date_time > ADDDATE(date_time, -1)
                ORDER BY date_time DESC LIMIT 20;': 1054 (42S22): Unknown column 'body' in 'where clause'
Execution failed on sql 'SELECT * FROM twitter_data.twitter_data_sentiment 
                WHERE tweet LIKE %s AND date_time > ADDDATE(date_time, -1)
                OR tweet LIKE %s AND date_time > ADDDATE(date_time, -1)
                ORDER BY date_time DESC LIMIT 20;': Not enough parameters for the SQL statement
